<?xml version="1.0" encoding="UTF-8" ?>
<testsuites name="vitest tests" tests="4" failures="0" errors="0" time="0.978">
    <testsuite name="src/app/app.component.spec.ts" timestamp="2024-10-01T07:01:14.332Z" hostname="GAMING-XAX" tests="4" failures="0" errors="0" skipped="0" time="0.086">
        <testcase classname="src/app/app.component.spec.ts" name="AppComponent &gt; should create the app" time="0.063">
        </testcase>
        <testcase classname="src/app/app.component.spec.ts" name="AppComponent &gt; should have the &apos;vitest-app&apos; title" time="0.007">
        </testcase>
        <testcase classname="src/app/app.component.spec.ts" name="AppComponent &gt; should render title" time="0.01">
        </testcase>
        <testcase classname="src/app/app.component.spec.ts" name="AppComponent &gt; adds 1 + 2 to equal 3" time="0.004">
        </testcase>
    </testsuite>
</testsuites>
